// Jest Snapshot v1, https://goo.gl/fbAQLP

exports[`Test on the <Product/> Component renders Product without crashing 1`] = `
<ContextConsumer>
  <Component />
</ContextConsumer>
`;
