// Jest Snapshot v1, https://goo.gl/fbAQLP

exports[`Test on the <Register/> Component renders Register without crashing 1`] = `
<div
  className="register-form form"
>
  <form
    onSubmit={[Function]}
  >
    <h3>
      Register
    </h3>
    <label
      htmlFor="email"
    >
      Your Name
      <span>
        *
      </span>
      <input
        autoComplete="off"
        id="name"
        maxLength="20"
        name="name"
        placeholder="John Doe"
        required={true}
        type="text"
      />
    </label>
    <label
      htmlFor="email"
    >
      Your Email
      <span>
        *
      </span>
      <input
        autoComplete="off"
        id="email"
        name="email"
        placeholder="JohnDoe@email.com"
        required={true}
        type="email"
      />
    </label>
    <label
      htmlFor="password"
    >
      Your Passwords
      <span>
        *
      </span>
      <input
        autoComplete="off"
        id="password"
        name="password"
        placeholder="Create a Password"
        required={true}
        type="password"
      />
    </label>
    <button
      className="btn"
    >
      Register
    </button>
    <span>
      Already have an account? 
      <Link
        to="./login"
      >
        Log in
      </Link>
    </span>
  </form>
</div>
`;
